// Jest Snapshot v1, https://goo.gl/fbAQLP

exports[`matches snapshot 1`] = `
<DocumentFragment>
  <div>
    <nav
      class="navbar navbar"
    >
      <div
        class="container-fluid"
      >
        <ul
          class="nav"
        >
          <li
            class="nav-item"
          >
            <a
              aria-current="page"
              class="active"
              href="/"
            >
              Home
            </a>
          </li>
          <li
            class="nav-item"
          >
            <a
              class=""
              href="/signup"
            >
              Sign Up
            </a>
          </li>
          <li
            class="nav-item"
          >
            <a
              class=""
              href="/admin"
            >
              Users
            </a>
          </li>
        </ul>
      </div>
    </nav>
  </div>
</DocumentFragment>
`;
