// Jest Snapshot v1, https://goo.gl/fbAQLP

exports[`matches snapshot 1`] = `
<DocumentFragment>
  <div
    class="m-3 d-flex justify-content-center"
  >
    <div
      class="col-md-6"
    >
      <h3
        class="text-center"
      >
        Sign Up
      </h3>
      <form
        class=""
      >
        <div
          class="mb-3"
        >
          <label
            class="form-label"
            for="email"
          >
            Email
          </label>
          <input
            class="form-control"
            id="email"
            name="email"
            type="email"
            value=""
          />
        </div>
        <div
          class="mb-3"
        >
          <label
            class="form-label"
            for="firstName"
          >
            First Name
          </label>
          <input
            class="form-control"
            id="firstName"
            name="firstName"
            type="text"
            value=""
          />
        </div>
        <div
          class="mb-3"
        >
          <label
            class="form-label"
            for="lastName"
          >
            Last Name
          </label>
          <input
            class="form-control"
            id="lastName"
            name="lastName"
            type="text"
            value=""
          />
        </div>
        <button
          class="=btn btn-secondary btn btn-secondary"
          style="color: white;"
        >
          Submit
        </button>
      </form>
    </div>
  </div>
</DocumentFragment>
`;
